// Jest Snapshot v1, https://goo.gl/fbAQLP

exports[`AlbumArt renders and matches snapshot 1`] = `
<div
  class="img"
  data-failed="false"
  data-loaded="false"
  data-loading="false"
  data-src-prop="foo"
  style="background-image:url(\\"images/browse_missing_album_art.png\\");background-size:contain;background-repeat:no-repeat;background-position:center"
/>
`;
